// Jest Snapshot v1, https://goo.gl/fbAQLP

exports[`<RequestReset /> renders and matches snapshot 1`] = `
<div>
  <form
    class="Form-sc-1xszr8q-0 hVEEdl"
    method="POST"
  >
    <h2>
      Request a Password Reset
    </h2>
    <fieldset
      aria-busy="false"
    >
      <label
        for="email"
      >
        Email
        <input
          autocomplete="email"
          name="email"
          placeholder="email"
          type="email"
          value=""
        />
      </label>
    </fieldset>
    <button
      type="submit"
    >
      Request Reset
    </button>
  </form>
</div>
`;
