// Jest Snapshot v1, https://goo.gl/fbAQLP

exports[`<SignUp /> renders and matches snapshot 1`] = `
<div>
  <form
    class="Form-sc-1xszr8q-0 hVEEdl"
    method="POST"
  >
    <h2>
      Sign Up for an account
    </h2>
    <fieldset
      aria-busy="false"
    >
      <label
        for="name"
      >
        Name
        <input
          autocomplete="name"
          name="name"
          placeholder="name"
          type="text"
          value=""
        />
      </label>
      <label
        for="email"
      >
        Email
        <input
          autocomplete="email"
          name="email"
          placeholder="email"
          type="email"
          value=""
        />
      </label>
      <label
        for="password"
      >
        Password
        <input
          autocomplete="password"
          name="password"
          placeholder="password"
          type="password"
          value=""
        />
      </label>
    </fieldset>
    <button
      type="submit"
    >
      Sign Up
    </button>
  </form>
</div>
`;
